
> my-v0-project@0.1.0 build
> next build

npm :  ΓÜá Warning: Next.js inferred your workspace root, but it may not be correct.
At line:1 char:1
+ npm run build 2>&1 | Out-File -FilePath build-output.txt -Encoding UT ...
+ ~~~~~~~~~~~~~~~~~~
    + CategoryInfo          : NotSpecified: ( ΓÜá Warning: N...not be correct.:String) [], RemoteException
    + FullyQualifiedErrorId : NativeCommandError
 
 We detected multiple lockfiles and selected the directory of C:\Users\91798\pnpm-lock.yaml as the root directory.
 To silence this warning, set `turbopack.root` in your Next.js config, or consider removing one of the lockfiles if it's not needed.
   See https://nextjs.org/docs/app/api-reference/config/next-config-js/turbopack#root-directory for more information.
 Detected additional lockfiles: 
   * C:\Users\91798\Downloads\v0-lms-main\pnpm-lock.yaml

   Γû▓ Next.js 16.0.10 (Turbopack)
   - Environments: .env.local

   Creating an optimized production build ...
 Γ£ô Compiled successfully in 25.7s
   Running TypeScript ...
 ΓÜá Minimum recommended TypeScript version is v5.1.0, older versions can potentially be incompatible with Next.js. Detected: 5.0.2
   Collecting page data using 3 workers ...
   Generating static pages using 3 workers (0/35) ...
   Generating static pages using 3 workers (8/35) 
   Generating static pages using 3 workers (17/35) 
   Generating static pages using 3 workers (26/35) 
 Γ£ô Generating static pages using 3 workers (35/35) in 5.0s
   Finalizing page optimization ...

Route (app)
Γöî Γùï /
Γö£ Γùï /_not-found
Γö£ Γùï /admin/courses
Γö£ Γùï /admin/dashboard
Γö£ Γùï /admin/users
Γö£ ╞Æ /api/emails/click/[trackingId]
Γö£ ╞Æ /api/emails/send
Γö£ ╞Æ /api/emails/track/[trackingId]
Γö£ Γùï /dashboard
Γö£ Γùï /employee/calendar
Γö£ ╞Æ /employee/course/[id]
Γö£ Γùï /employee/courses
Γö£ Γùï /employee/dashboard
Γö£ Γùï /employee/emails
Γö£ Γùï /employee/meetings
Γö£ Γùï /employee/notifications
Γö£ Γùï /hr/analytics
Γö£ Γùï /hr/announcements
Γö£ Γùï /hr/batches
Γö£ Γùï /hr/branding
Γö£ Γùï /hr/classroom-sessions
Γö£ Γùï /hr/configuration
Γö£ Γùï /hr/courses
Γö£ Γùï /hr/customize
Γö£ Γùï /hr/dashboard
Γö£ Γùï /hr/evaluations
Γö£ Γùï /hr/forms
Γö£ Γùï /hr/help
Γö£ Γùï /hr/integrations
Γö£ Γùï /hr/learning-objects
Γö£ Γùï /hr/reports
Γö£ Γùï /hr/settings
Γö£ Γùï /hr/support
Γö£ Γùï /hr/themes
Γö£ Γùï /hr/users
Γö£ Γùï /hr/webinars
Γö£ Γùï /login
Γöö ╞Æ /meeting/[id]


╞Æ Proxy (Middleware)

Γùï  (Static)   prerendered as static content
╞Æ  (Dynamic)  server-rendered on demand

